<?php return array (
  0 => 'Symfony\\Bundle\\FrameworkBundle\\Controller\\AbstractController',
  1 => 'Symfony\\Bundle\\FrameworkBundle\\Controller\\Controller',
  2 => 'PrestaShop\\Module\\Mbo\\Controller\\Admin\\ModuleController',
  3 => 'PrestaShop\\Module\\Mbo\\Controller\\Admin\\ModuleRecommendedController',
  4 => 'PrestaShop\\Module\\Mbo\\Controller\\Admin\\ModuleSelectionController',
  5 => 'PrestaShop\\Module\\Mbo\\Controller\\Admin\\SecurityController',
  6 => 'PrestaShop\\Module\\Mbo\\Controller\\Admin\\ThemeCatalogController',
  7 => 'PrestaShop\\Module\\PrestashopCheckout\\Controller\\AbstractFrontController',
  8 => 'PrestaShop\\Module\\PrestashopCheckout\\Entity\\PsAccount',
  9 => 'PrestaShop\\Module\\Ps_metrics\\Controller\\Admin\\MetricsController',
  10 => 'PrestaShop\\Module\\Ps_metrics\\Controller\\Admin\\MetricsLegacyStatsController',
  11 => 'PrestaShop\\Module\\Ps_metrics\\Controller\\Admin\\MetricsOauthController',
  12 => 'PrestaShop\\Module\\Ps_metrics\\Controller\\Admin\\MetricsResolverController',
  13 => 'PrestaShop\\Module\\PsAccounts\\Controller\\AbstractRestChildController',
  14 => 'PrestaShop\\Module\\PsAccounts\\Controller\\AbstractRestController',
  15 => 'PrestaShop\\Module\\PsAccounts\\Controller\\AbstractShopRestController',
  16 => 'PrestaShop\\Module\\PsAccounts\\Controller\\RestControllerInterface',
  17 => 'PrestaShop\\Module\\PsEventbus\\Controller\\AbstractApiController',
);